[INFO] [1774739491.656876431] [d455_ipm_lk_deep_test_monitor]: Deep test monitor started
[INFO] [1774739491.657739166] [d455_ipm_lk_deep_test_monitor]: subscribers: image=/camera/camera/color/image_raw, range=/d455/test/range, imu=/imu/data, twist=/d455/ipm_lk/velocity, quality=/d455_ipm_lk_velocity_node/quality
[INFO] [1774739491.658473229] [d455_ipm_lk_deep_test_monitor]: CSV logging: /home/jetson123/Drone/protocol_20260329_044112/phase2_translate.csv
[INFO] [1774739491.659152449] [d455_ipm_lk_deep_test_monitor]: Video logging: /home/jetson123/Drone/protocol_20260329_044112/phase2_translate_debug.mp4
[INFO] [1774739492.107718732] [d455_ipm_lk_deep_test_monitor]: deep_test t=1774739491.998 alt=1.00m pitch=-1.67deg pr=+0.68deg/s vf=+0.343 vr=-0.105 Q=GREEN(HIGH) tracked=169 medMag=12.077 angleStd=97.32 magCV=0.970 corr(vf,pitch)=+0.000 corr(vf,pitchRate)=+0.000 tiltLeakRatio=0.000
[WARN] [1774739492.109552960] [d455_ipm_lk_deep_test_monitor]: Vector field looks swirly/unstable (high angle std). Possible reflection/noise; consider stronger blur or better floor texture.
[INFO] [1774739492.628893461] [d455_ipm_lk_deep_test_monitor]: deep_test t=1774739492.498 alt=1.00m pitch=-2.06deg pr=+11.34deg/s vf=-0.207 vr=-0.217 Q=GREEN(HIGH) tracked=186 medMag=4.877 angleStd=70.37 magCV=1.294 corr(vf,pitch)=+0.000 corr(vf,pitchRate)=+0.000 tiltLeakRatio=0.000
[INFO] [1774739493.153854242] [d455_ipm_lk_deep_test_monitor]: deep_test t=1774739493.065 alt=1.00m pitch=-1.85deg pr=-0.35deg/s vf=+0.045 vr=-0.032 Q=GREEN(HIGH) tracked=179 medMag=22.713 angleStd=76.00 magCV=1.096 corr(vf,pitch)=+0.125 corr(vf,pitchRate)=-0.047 tiltLeakRatio=0.000
[INFO] [1774739493.717919174] [d455_ipm_lk_deep_test_monitor]: deep_test t=1774739493.599 alt=1.00m pitch=-1.98deg pr=-1.48deg/s vf=-0.246 vr=-0.173 Q=GREEN(HIGH) tracked=50 medMag=30.328 angleStd=30.51 magCV=1.042 corr(vf,pitch)=+0.286 corr(vf,pitchRate)=-0.071 tiltLeakRatio=0.000
[INFO] [1774739494.215359930] [d455_ipm_lk_deep_test_monitor]: deep_test t=1774739494.101 alt=1.00m pitch=-1.80deg pr=-0.37deg/s vf=-0.577 vr=-0.243 Q=GREEN(HIGH) tracked=49 medMag=27.640 angleStd=56.67 magCV=1.180 corr(vf,pitch)=+0.190 corr(vf,pitchRate)=+0.023 tiltLeakRatio=0.000
[INFO] [1774739494.818559235] [d455_ipm_lk_deep_test_monitor]: deep_test t=1774739494.702 alt=1.00m pitch=-2.04deg pr=+2.52deg/s vf=+0.258 vr=-0.354 Q=GREEN(HIGH) tracked=265 medMag=19.715 angleStd=77.31 magCV=1.113 corr(vf,pitch)=-0.037 corr(vf,pitchRate)=+0.081 tiltLeakRatio=0.000
[INFO] [1774739495.353031905] [d455_ipm_lk_deep_test_monitor]: deep_test t=1774739495.269 alt=1.00m pitch=-2.55deg pr=+8.64deg/s vf=-0.074 vr=+0.207 Q=GREEN(HIGH) tracked=177 medMag=30.256 angleStd=82.20 magCV=0.531 corr(vf,pitch)=-0.079 corr(vf,pitchRate)=+0.057 tiltLeakRatio=0.000
[WARN] [1774739495.377057736] [d455_ipm_lk_deep_test_monitor]: Vector field looks swirly/unstable (high angle std). Possible reflection/noise; consider stronger blur or better floor texture.
[INFO] [1774739495.863762343] [d455_ipm_lk_deep_test_monitor]: deep_test t=1774739495.769 alt=1.00m pitch=-1.65deg pr=-8.11deg/s vf=-1.407 vr=+0.621 Q=GREEN(HIGH) tracked=25 medMag=17.200 angleStd=122.17 magCV=0.988 corr(vf,pitch)=-0.489 corr(vf,pitchRate)=-0.028 tiltLeakRatio=0.000
[WARN] [1774739495.865093120] [d455_ipm_lk_deep_test_monitor]: Vector field looks swirly/unstable (high angle std). Possible reflection/noise; consider stronger blur or better floor texture.
[INFO] [1774739496.402134498] [d455_ipm_lk_deep_test_monitor]: deep_test t=1774739496.303 alt=1.00m pitch=-1.14deg pr=-9.20deg/s vf=-0.431 vr=+0.079 Q=GREEN(HIGH) tracked=26 medMag=18.021 angleStd=66.34 magCV=0.814 corr(vf,pitch)=-0.441 corr(vf,pitchRate)=-0.018 tiltLeakRatio=0.000
[INFO] [1774739496.950710826] [d455_ipm_lk_deep_test_monitor]: deep_test t=1774739496.870 alt=1.00m pitch=-2.14deg pr=-2.22deg/s vf=-0.740 vr=+0.504 Q=GREEN(HIGH) tracked=269 medMag=39.587 angleStd=94.74 magCV=0.725 corr(vf,pitch)=-0.089 corr(vf,pitchRate)=+0.011 tiltLeakRatio=0.000
[WARN] [1774739496.952107427] [d455_ipm_lk_deep_test_monitor]: Vector field looks swirly/unstable (high angle std). Possible reflection/noise; consider stronger blur or better floor texture.
[INFO] [1774739497.466308047] [d455_ipm_lk_deep_test_monitor]: deep_test t=1774739497.370 alt=1.00m pitch=-1.65deg pr=-6.62deg/s vf=-0.808 vr=+0.100 Q=GREEN(HIGH) tracked=84 medMag=19.510 angleStd=98.61 magCV=0.842 corr(vf,pitch)=-0.076 corr(vf,pitchRate)=+0.012 tiltLeakRatio=0.000
[WARN] [1774739497.467161690] [d455_ipm_lk_deep_test_monitor]: Vector field looks swirly/unstable (high angle std). Possible reflection/noise; consider stronger blur or better floor texture.
[INFO] [1774739498.004306416] [d455_ipm_lk_deep_test_monitor]: deep_test t=1774739497.904 alt=1.00m pitch=-1.68deg pr=-2.22deg/s vf=-0.085 vr=-0.012 Q=GREEN(HIGH) tracked=47 medMag=1.658 angleStd=88.26 magCV=1.708 corr(vf,pitch)=-0.073 corr(vf,pitchRate)=+0.014 tiltLeakRatio=0.000
[WARN] [1774739498.005300481] [d455_ipm_lk_deep_test_monitor]: Vector field looks swirly/unstable (high angle std). Possible reflection/noise; consider stronger blur or better floor texture.
[INFO] [1774739498.559651438] [d455_ipm_lk_deep_test_monitor]: deep_test t=1774739498.438 alt=1.00m pitch=-1.76deg pr=+1.18deg/s vf=+0.370 vr=-0.285 Q=GREEN(HIGH) tracked=181 medMag=27.786 angleStd=63.14 magCV=0.788 corr(vf,pitch)=-0.065 corr(vf,pitchRate)=-0.024 tiltLeakRatio=0.000
[INFO] [1774739499.097648494] [d455_ipm_lk_deep_test_monitor]: deep_test t=1774739499.005 alt=1.00m pitch=-1.97deg pr=+3.96deg/s vf=+0.328 vr=-0.113 Q=GREEN(HIGH) tracked=30 medMag=29.828 angleStd=85.14 magCV=0.998 corr(vf,pitch)=-0.047 corr(vf,pitchRate)=-0.046 tiltLeakRatio=0.000
[WARN] [1774739499.101996619] [d455_ipm_lk_deep_test_monitor]: Vector field looks swirly/unstable (high angle std). Possible reflection/noise; consider stronger blur or better floor texture.
[INFO] [1774739499.601530229] [d455_ipm_lk_deep_test_monitor]: deep_test t=1774739499.505 alt=1.00m pitch=-1.87deg pr=+5.05deg/s vf=+0.221 vr=+0.065 Q=GREEN(HIGH) tracked=72 medMag=21.358 angleStd=79.96 magCV=1.050 corr(vf,pitch)=-0.045 corr(vf,pitchRate)=-0.043 tiltLeakRatio=0.000
[INFO] [1774739500.105539964] [d455_ipm_lk_deep_test_monitor]: deep_test t=1774739500.006 alt=1.00m pitch=-1.76deg pr=-10.13deg/s vf=+0.447 vr=+0.036 Q=GREEN(HIGH) tracked=34 medMag=10.350 angleStd=86.55 magCV=1.221 corr(vf,pitch)=-0.042 corr(vf,pitchRate)=-0.065 tiltLeakRatio=0.000
[WARN] [1774739500.107896534] [d455_ipm_lk_deep_test_monitor]: Vector field looks swirly/unstable (high angle std). Possible reflection/noise; consider stronger blur or better floor texture.
[INFO] [1774739500.606197175] [d455_ipm_lk_deep_test_monitor]: deep_test t=1774739500.506 alt=1.00m pitch=-1.94deg pr=+5.72deg/s vf=+0.721 vr=-0.045 Q=GREEN(HIGH) tracked=208 medMag=3.820 angleStd=70.03 magCV=1.967 corr(vf,pitch)=-0.041 corr(vf,pitchRate)=-0.067 tiltLeakRatio=0.000
[INFO] [1774739501.140116674] [d455_ipm_lk_deep_test_monitor]: deep_test t=1774739501.073 alt=1.00m pitch=-1.94deg pr=-10.41deg/s vf=+0.018 vr=+0.002 Q=GREEN(HIGH) tracked=169 medMag=1.178 angleStd=104.13 magCV=2.909 corr(vf,pitch)=-0.044 corr(vf,pitchRate)=-0.062 tiltLeakRatio=0.000
[WARN] [1774739501.145756612] [d455_ipm_lk_deep_test_monitor]: Vector field looks swirly/unstable (high angle std). Possible reflection/noise; consider stronger blur or better floor texture.
[INFO] [1774739501.690669476] [d455_ipm_lk_deep_test_monitor]: deep_test t=1774739501.574 alt=1.00m pitch=-1.94deg pr=+3.91deg/s vf=+0.017 vr=+0.007 Q=GREEN(HIGH) tracked=139 medMag=0.719 angleStd=102.95 magCV=1.177 corr(vf,pitch)=-0.035 corr(vf,pitchRate)=-0.066 tiltLeakRatio=0.000
[INFO] [1774739502.222578850] [d455_ipm_lk_deep_test_monitor]: deep_test t=1774739502.107 alt=1.00m pitch=-1.82deg pr=+3.52deg/s vf=+0.044 vr=+0.019 Q=GREEN(HIGH) tracked=292 medMag=1.318 angleStd=90.55 magCV=1.489 corr(vf,pitch)=-0.036 corr(vf,pitchRate)=-0.067 tiltLeakRatio=0.000
[WARN] [1774739502.223579734] [d455_ipm_lk_deep_test_monitor]: Vector field looks swirly/unstable (high angle std). Possible reflection/noise; consider stronger blur or better floor texture.
