[INFO] [1774739506.183860133] [d455_ipm_lk_deep_test_monitor]: Deep test monitor started
[INFO] [1774739506.184638154] [d455_ipm_lk_deep_test_monitor]: subscribers: image=/camera/camera/color/image_raw, range=/d455/test/range, imu=/imu/data, twist=/d455/ipm_lk/velocity, quality=/d455_ipm_lk_velocity_node/quality
[INFO] [1774739506.185255326] [d455_ipm_lk_deep_test_monitor]: CSV logging: /home/jetson123/Drone/protocol_20260329_044112/phase3_tilt.csv
[INFO] [1774739506.185838434] [d455_ipm_lk_deep_test_monitor]: Video logging: /home/jetson123/Drone/protocol_20260329_044112/phase3_tilt_debug.mp4
[INFO] [1774739506.647475217] [d455_ipm_lk_deep_test_monitor]: deep_test t=1774739506.544 alt=1.00m pitch=-1.94deg pr=-10.38deg/s vf=+0.025 vr=+0.017 Q=GREEN(HIGH) tracked=166 medMag=2.195 angleStd=116.38 magCV=1.517 corr(vf,pitch)=+0.000 corr(vf,pitchRate)=+0.000 tiltLeakRatio=0.000
[WARN] [1774739506.660748250] [d455_ipm_lk_deep_test_monitor]: Vector field looks swirly/unstable (high angle std). Possible reflection/noise; consider stronger blur or better floor texture.
[INFO] [1774739507.153937153] [d455_ipm_lk_deep_test_monitor]: deep_test t=1774739507.044 alt=1.00m pitch=-0.76deg pr=-3.12deg/s vf=+0.027 vr=+0.054 Q=GREEN(HIGH) tracked=200 medMag=2.512 angleStd=86.57 magCV=1.123 corr(vf,pitch)=+0.000 corr(vf,pitchRate)=+0.000 tiltLeakRatio=0.000
[WARN] [1774739507.154993553] [d455_ipm_lk_deep_test_monitor]: Vector field looks swirly/unstable (high angle std). Possible reflection/noise; consider stronger blur or better floor texture.
[INFO] [1774739507.667501583] [d455_ipm_lk_deep_test_monitor]: deep_test t=1774739507.545 alt=1.00m pitch=-0.87deg pr=+7.69deg/s vf=+0.014 vr=+0.006 Q=GREEN(HIGH) tracked=223 medMag=3.230 angleStd=95.55 magCV=1.722 corr(vf,pitch)=-0.217 corr(vf,pitchRate)=-0.055 tiltLeakRatio=0.000
[WARN] [1774739507.669419950] [d455_ipm_lk_deep_test_monitor]: Vector field looks swirly/unstable (high angle std). Possible reflection/noise; consider stronger blur or better floor texture.
[INFO] [1774739508.191232854] [d455_ipm_lk_deep_test_monitor]: deep_test t=1774739508.112 alt=1.00m pitch=-0.86deg pr=-8.51deg/s vf=-0.008 vr=-0.009 Q=GREEN(HIGH) tracked=227 medMag=1.595 angleStd=80.66 magCV=0.955 corr(vf,pitch)=-0.342 corr(vf,pitchRate)=+0.065 tiltLeakRatio=0.000
[WARN] [1774739508.194893755] [d455_ipm_lk_deep_test_monitor]: Vector field looks swirly/unstable (high angle std). Possible reflection/noise; consider stronger blur or better floor texture.
[INFO] [1774739508.736887465] [d455_ipm_lk_deep_test_monitor]: deep_test t=1774739508.612 alt=1.00m pitch=-0.93deg pr=+9.57deg/s vf=+0.007 vr=-0.006 Q=GREEN(HIGH) tracked=234 medMag=1.053 angleStd=98.32 magCV=1.098 corr(vf,pitch)=-0.280 corr(vf,pitchRate)=+0.047 tiltLeakRatio=0.000
[WARN] [1774739508.747664178] [d455_ipm_lk_deep_test_monitor]: Vector field looks swirly/unstable (high angle std). Possible reflection/noise; consider stronger blur or better floor texture.
[INFO] [1774739509.265922442] [d455_ipm_lk_deep_test_monitor]: deep_test t=1774739509.146 alt=1.00m pitch=-0.61deg pr=+9.14deg/s vf=-0.000 vr=-0.006 Q=GREEN(HIGH) tracked=167 medMag=1.365 angleStd=101.92 magCV=1.370 corr(vf,pitch)=-0.300 corr(vf,pitchRate)=+0.001 tiltLeakRatio=0.000
[WARN] [1774739509.267389863] [d455_ipm_lk_deep_test_monitor]: Vector field looks swirly/unstable (high angle std). Possible reflection/noise; consider stronger blur or better floor texture.
[INFO] [1774739509.810324715] [d455_ipm_lk_deep_test_monitor]: deep_test t=1774739509.680 alt=1.00m pitch=-0.81deg pr=-7.29deg/s vf=-0.004 vr=+0.002 Q=GREEN(HIGH) tracked=170 medMag=1.897 angleStd=99.23 magCV=2.077 corr(vf,pitch)=-0.361 corr(vf,pitchRate)=+0.003 tiltLeakRatio=0.000
[WARN] [1774739509.822008890] [d455_ipm_lk_deep_test_monitor]: Vector field looks swirly/unstable (high angle std). Possible reflection/noise; consider stronger blur or better floor texture.
[INFO] [1774739510.298636269] [d455_ipm_lk_deep_test_monitor]: deep_test t=1774739510.180 alt=1.00m pitch=-1.57deg pr=+5.16deg/s vf=-0.002 vr=+0.005 Q=GREEN(HIGH) tracked=162 medMag=1.845 angleStd=73.26 magCV=1.820 corr(vf,pitch)=-0.297 corr(vf,pitchRate)=+0.009 tiltLeakRatio=0.000
[INFO] [1774739510.848088010] [d455_ipm_lk_deep_test_monitor]: deep_test t=1774739510.748 alt=1.00m pitch=-2.00deg pr=-11.14deg/s vf=+0.016 vr=+0.004 Q=GREEN(HIGH) tracked=205 medMag=1.446 angleStd=78.66 magCV=1.295 corr(vf,pitch)=-0.312 corr(vf,pitchRate)=+0.031 tiltLeakRatio=0.000
[INFO] [1774739511.482306560] [d455_ipm_lk_deep_test_monitor]: deep_test t=1774739511.348 alt=1.00m pitch=-1.89deg pr=-8.20deg/s vf=+0.011 vr=+0.008 Q=GREEN(HIGH) tracked=213 medMag=0.830 angleStd=105.05 magCV=1.407 corr(vf,pitch)=-0.369 corr(vf,pitchRate)=+0.046 tiltLeakRatio=0.000
[WARN] [1774739511.492397267] [d455_ipm_lk_deep_test_monitor]: Vector field looks swirly/unstable (high angle std). Possible reflection/noise; consider stronger blur or better floor texture.
[INFO] [1774739511.995378872] [d455_ipm_lk_deep_test_monitor]: deep_test t=1774739511.882 alt=1.00m pitch=-1.80deg pr=-9.19deg/s vf=+0.001 vr=-0.000 Q=GREEN(HIGH) tracked=210 medMag=0.948 angleStd=88.17 magCV=1.494 corr(vf,pitch)=-0.303 corr(vf,pitchRate)=+0.056 tiltLeakRatio=0.000
[WARN] [1774739511.999307428] [d455_ipm_lk_deep_test_monitor]: Vector field looks swirly/unstable (high angle std). Possible reflection/noise; consider stronger blur or better floor texture.
[INFO] [1774739512.496133348] [d455_ipm_lk_deep_test_monitor]: deep_test t=1774739512.383 alt=1.00m pitch=-2.05deg pr=+5.18deg/s vf=-0.010 vr=+0.004 Q=GREEN(HIGH) tracked=184 medMag=2.623 angleStd=41.29 magCV=0.798 corr(vf,pitch)=-0.240 corr(vf,pitchRate)=+0.041 tiltLeakRatio=0.000
[INFO] [1774739513.045930221] [d455_ipm_lk_deep_test_monitor]: deep_test t=1774739512.950 alt=1.00m pitch=-2.45deg pr=+8.69deg/s vf=+0.045 vr=+0.009 Q=GREEN(HIGH) tracked=162 medMag=1.885 angleStd=67.25 magCV=1.562 corr(vf,pitch)=-0.311 corr(vf,pitchRate)=+0.046 tiltLeakRatio=0.000
[INFO] [1774739513.642993724] [d455_ipm_lk_deep_test_monitor]: deep_test t=1774739513.550 alt=1.00m pitch=-3.09deg pr=-5.00deg/s vf=+0.029 vr=+0.009 Q=GREEN(HIGH) tracked=189 medMag=3.635 angleStd=81.42 magCV=2.238 corr(vf,pitch)=-0.499 corr(vf,pitchRate)=+0.085 tiltLeakRatio=0.000
[WARN] [1774739513.644038438] [d455_ipm_lk_deep_test_monitor]: Vector field looks swirly/unstable (high angle std). Possible reflection/noise; consider stronger blur or better floor texture.
[INFO] [1774739514.143390870] [d455_ipm_lk_deep_test_monitor]: deep_test t=1774739514.051 alt=1.00m pitch=-3.23deg pr=-10.34deg/s vf=+0.004 vr=+0.003 Q=GREEN(HIGH) tracked=154 medMag=1.752 angleStd=107.31 magCV=2.213 corr(vf,pitch)=-0.457 corr(vf,pitchRate)=+0.084 tiltLeakRatio=0.000
[WARN] [1774739514.146581616] [d455_ipm_lk_deep_test_monitor]: Vector field looks swirly/unstable (high angle std). Possible reflection/noise; consider stronger blur or better floor texture.
[INFO] [1774739514.704448442] [d455_ipm_lk_deep_test_monitor]: deep_test t=1774739514.585 alt=1.00m pitch=-3.76deg pr=-5.57deg/s vf=+0.015 vr=+0.012 Q=GREEN(HIGH) tracked=187 medMag=2.816 angleStd=95.16 magCV=1.700 corr(vf,pitch)=-0.391 corr(vf,pitchRate)=+0.075 tiltLeakRatio=0.000
[WARN] [1774739514.714147337] [d455_ipm_lk_deep_test_monitor]: Vector field looks swirly/unstable (high angle std). Possible reflection/noise; consider stronger blur or better floor texture.
[INFO] [1774739515.276226668] [d455_ipm_lk_deep_test_monitor]: deep_test t=1774739515.152 alt=1.00m pitch=-3.97deg pr=-0.13deg/s vf=+0.016 vr=+0.010 Q=GREEN(HIGH) tracked=147 medMag=1.115 angleStd=77.59 magCV=2.604 corr(vf,pitch)=-0.435 corr(vf,pitchRate)=+0.098 tiltLeakRatio=0.000
[INFO] [1774739515.796134236] [d455_ipm_lk_deep_test_monitor]: deep_test t=1774739515.686 alt=1.00m pitch=-4.09deg pr=+8.92deg/s vf=+0.023 vr=-0.005 Q=GREEN(HIGH) tracked=140 medMag=1.060 angleStd=110.32 magCV=1.755 corr(vf,pitch)=-0.408 corr(vf,pitchRate)=+0.094 tiltLeakRatio=0.000
[WARN] [1774739515.800076975] [d455_ipm_lk_deep_test_monitor]: Vector field looks swirly/unstable (high angle std). Possible reflection/noise; consider stronger blur or better floor texture.
[INFO] [1774739516.309300803] [d455_ipm_lk_deep_test_monitor]: deep_test t=1774739516.186 alt=1.00m pitch=-3.72deg pr=+5.93deg/s vf=-0.022 vr=-0.013 Q=GREEN(HIGH) tracked=201 medMag=0.867 angleStd=66.24 magCV=1.403 corr(vf,pitch)=-0.304 corr(vf,pitchRate)=+0.041 tiltLeakRatio=0.000
[INFO] [1774739516.850771467] [d455_ipm_lk_deep_test_monitor]: deep_test t=1774739516.753 alt=1.00m pitch=-3.46deg pr=-7.22deg/s vf=-0.008 vr=-0.017 Q=GREEN(HIGH) tracked=188 medMag=1.517 angleStd=44.20 magCV=1.227 corr(vf,pitch)=-0.209 corr(vf,pitchRate)=+0.060 tiltLeakRatio=0.000
