/home/jetson123/Drone/drone_vision_control/install/drone_vision_control/lib/python3.10/site-packages/drone_vision_control/corner_detection.py
/home/jetson123/Drone/drone_vision_control/install/drone_vision_control/lib/python3.10/site-packages/drone_vision_control/__init__.py
/home/jetson123/Drone/drone_vision_control/install/drone_vision_control/lib/python3.10/site-packages/drone_vision_control/vision_controller_node.py
/home/jetson123/Drone/drone_vision_control/install/drone_vision_control/lib/python3.10/site-packages/drone_vision_control/collect_data.py
/home/jetson123/Drone/drone_vision_control/install/drone_vision_control/lib/python3.10/site-packages/drone_vision_control/setup_project_directories.py
/home/jetson123/Drone/drone_vision_control/install/drone_vision_control/lib/python3.10/site-packages/drone_vision_control/__pycache__/corner_detection.cpython-310.pyc
/home/jetson123/Drone/drone_vision_control/install/drone_vision_control/lib/python3.10/site-packages/drone_vision_control/__pycache__/__init__.cpython-310.pyc
/home/jetson123/Drone/drone_vision_control/install/drone_vision_control/lib/python3.10/site-packages/drone_vision_control/__pycache__/vision_controller_node.cpython-310.pyc
/home/jetson123/Drone/drone_vision_control/install/drone_vision_control/lib/python3.10/site-packages/drone_vision_control/__pycache__/collect_data.cpython-310.pyc
/home/jetson123/Drone/drone_vision_control/install/drone_vision_control/lib/python3.10/site-packages/drone_vision_control/__pycache__/setup_project_directories.cpython-310.pyc
/home/jetson123/Drone/drone_vision_control/install/drone_vision_control/share/ament_index/resource_index/packages/drone_vision_control
/home/jetson123/Drone/drone_vision_control/install/drone_vision_control/share/drone_vision_control/package.xml
/home/jetson123/Drone/drone_vision_control/install/drone_vision_control/lib/python3.10/site-packages/drone_vision_control-0.0.0-py3.10.egg-info/PKG-INFO
/home/jetson123/Drone/drone_vision_control/install/drone_vision_control/lib/python3.10/site-packages/drone_vision_control-0.0.0-py3.10.egg-info/dependency_links.txt
/home/jetson123/Drone/drone_vision_control/install/drone_vision_control/lib/python3.10/site-packages/drone_vision_control-0.0.0-py3.10.egg-info/requires.txt
/home/jetson123/Drone/drone_vision_control/install/drone_vision_control/lib/python3.10/site-packages/drone_vision_control-0.0.0-py3.10.egg-info/entry_points.txt
/home/jetson123/Drone/drone_vision_control/install/drone_vision_control/lib/python3.10/site-packages/drone_vision_control-0.0.0-py3.10.egg-info/top_level.txt
/home/jetson123/Drone/drone_vision_control/install/drone_vision_control/lib/python3.10/site-packages/drone_vision_control-0.0.0-py3.10.egg-info/zip-safe
/home/jetson123/Drone/drone_vision_control/install/drone_vision_control/lib/python3.10/site-packages/drone_vision_control-0.0.0-py3.10.egg-info/SOURCES.txt
/home/jetson123/Drone/drone_vision_control/install/drone_vision_control/lib/drone_vision_control/corner_detection
/home/jetson123/Drone/drone_vision_control/install/drone_vision_control/lib/drone_vision_control/drone_vision_controller
